// Jest Snapshot v1, https://goo.gl/fbAQLP

exports[`Header Renders 1`] = `
<DocumentFragment>
  <header
    class="sc-EHOje iOeApy"
  >
    <div
      class="sc-bdVaJa dgpabP"
    >
      <a
        class="sc-bwzfXH fwsfYo"
        href="/"
      >
        <h1>
          Flickr Feeds Fetcher
        </h1>
      </a>
      <div
        class="sc-htpNat bOYgPy"
      >
        <input
          class="sc-bxivhb fFdMlD"
          placeholder="Filter feed..."
          type="text"
          value=""
        />
      </div>
    </div>
  </header>
</DocumentFragment>
`;
